automated Chromes already running, not waited for: 48848, 66265
the bench's Chrome shows 2 windows: restarting it
[1/12] signup-form gpt-6-sol cua-driver rep 1: PASS claimed=success tools=17 92s $0.273
[2/12] notes-append gpt-6-sol cua-driver rep 1: PASS claimed=success tools=17 122s $0.272
[3/12] cart-coupon gpt-6-sol cua-driver rep 1: PASS claimed=success tools=13 69s $0.183
[4/12] invoice-paid gpt-6-sol cua-driver rep 1: PASS claimed=success tools=5 32s $0.178
[5/12] contact-star gpt-6-sol cua-driver rep 1: PASS claimed=success tools=5 35s $0.113
[6/12] delete-draft gpt-6-sol cua-driver rep 1: PASS claimed=success tools=7 44s $0.136
[7/12] todo-reorder gpt-6-sol cua-driver rep 1: PASS claimed=success tools=10 46s $0.103
[8/12] settings-tabs gpt-6-sol cua-driver rep 1: PASS claimed=success tools=11 54s $0.147
[9/12] wizard-team gpt-6-sol cua-driver rep 1: PASS claimed=success tools=22 72s $0.197
[10/12] date-picker gpt-6-sol cua-driver rep 1: PASS claimed=success tools=11 44s $0.142
[11/12] volume-slider gpt-6-sol cua-driver rep 1: PASS claimed=success tools=12 327s $0.222
[12/12] nested-menu gpt-6-sol cua-driver rep 1: PASS claimed=success tools=9 48s $0.132
automated Chromes already running, not waited for: 48848, 66265
[13/24] signup-form gpt-6-sol cua-driver rep 2: PASS claimed=success tools=18 103s $0.272
[14/24] notes-append gpt-6-sol cua-driver rep 2: PASS claimed=success tools=13 77s $0.205
[15/24] cart-coupon gpt-6-sol cua-driver rep 2: PASS claimed=success tools=13 70s $0.226
[16/24] invoice-paid gpt-6-sol cua-driver rep 2: PASS claimed=success tools=5 33s $0.116
[17/24] contact-star gpt-6-sol cua-driver rep 2: PASS claimed=success tools=5 28s $0.107
[18/24] delete-draft gpt-6-sol cua-driver rep 2: PASS claimed=success tools=7 37s $0.162
[19/24] todo-reorder gpt-6-sol cua-driver rep 2: PASS claimed=success tools=10 47s $0.147
[20/24] settings-tabs gpt-6-sol cua-driver rep 2: PASS claimed=success tools=11 50s $0.131
[21/24] wizard-team gpt-6-sol cua-driver rep 2: PASS claimed=success tools=22 79s $0.226
[22/24] date-picker gpt-6-sol cua-driver rep 2: PASS claimed=success tools=11 43s $0.124
[23/24] volume-slider gpt-6-sol cua-driver rep 2: PASS claimed=success tools=17 72s $0.204
[24/24] nested-menu gpt-6-sol cua-driver rep 2: PASS claimed=success tools=9 37s $0.130
