automated Chromes already running, not waited for: 48848, 66265
[1/12] signup-form gpt-6-sol+v3low cua-driver rep 1: PASS claimed=success tools=12 49s $0.107
[2/12] notes-append gpt-6-sol+v3low cua-driver rep 1: PASS claimed=success tools=5 30s $0.077
[3/12] cart-coupon gpt-6-sol+v3low cua-driver rep 1: PASS claimed=success tools=8 30s $0.085
[4/12] invoice-paid gpt-6-sol+v3low cua-driver rep 1: PASS claimed=success tools=3 16s $0.070
[5/12] contact-star gpt-6-sol+v3low cua-driver rep 1: PASS claimed=success tools=3 17s $0.068
[6/12] delete-draft gpt-6-sol+v3low cua-driver rep 1: PASS claimed=success tools=5 23s $0.082
[7/12] todo-reorder gpt-6-sol+v3low cua-driver rep 1: PASS claimed=success tools=5 23s $0.067
[8/12] settings-tabs gpt-6-sol+v3low cua-driver rep 1: PASS claimed=success tools=8 32s $0.082
[9/12] wizard-team gpt-6-sol+v3low cua-driver rep 1: PASS claimed=success tools=13 43s $0.104
[10/12] date-picker gpt-6-sol+v3low cua-driver rep 1: PASS claimed=success tools=8 33s $0.097
[11/12] volume-slider gpt-6-sol+v3low cua-driver rep 1: PASS claimed=success tools=14 50s $0.161
[12/12] nested-menu gpt-6-sol+v3low cua-driver rep 1: PASS claimed=success tools=7 31s $0.092
automated Chromes already running, not waited for: 48848, 66265
[13/24] signup-form gpt-6-sol+v3low cua-driver rep 2: PASS claimed=success tools=11 42s $0.103
[14/24] notes-append gpt-6-sol+v3low cua-driver rep 2: PASS claimed=success tools=5 23s $0.100
[15/24] cart-coupon gpt-6-sol+v3low cua-driver rep 2: PASS claimed=success tools=8 30s $0.081
[16/24] invoice-paid gpt-6-sol+v3low cua-driver rep 2: PASS claimed=success tools=3 17s $0.068
[17/24] contact-star gpt-6-sol+v3low cua-driver rep 2: PASS claimed=success tools=3 15s $0.060
[18/24] delete-draft gpt-6-sol+v3low cua-driver rep 2: PASS claimed=success tools=5 28s $0.079
[19/24] todo-reorder gpt-6-sol+v3low cua-driver rep 2: PASS claimed=success tools=5 20s $0.067
[20/24] settings-tabs gpt-6-sol+v3low cua-driver rep 2: PASS claimed=success tools=9 35s $0.089
[21/24] wizard-team gpt-6-sol+v3low cua-driver rep 2: PASS claimed=success tools=13 41s $0.113
[22/24] date-picker gpt-6-sol+v3low cua-driver rep 2: PASS claimed=success tools=8 43s $0.088
[23/24] volume-slider gpt-6-sol+v3low cua-driver rep 2: PASS claimed=success tools=17 66s $0.166
[24/24] nested-menu gpt-6-sol+v3low cua-driver rep 2: PASS claimed=success tools=7 29s $0.108
